  Beginning Test, file ESMF_CalRangeUTest.F90, line          81
  NUMBER_OF_PROCESSORS           1
  Number of failed tests:           0
  Ending Test, file ESMF_CalRangeUTest.F90, line         326
