  Beginning Test, file ESMF_GridCreateUTest.F90, line          79
  NUMBER_OF_PROCESSORS           1
  PASS  Testing Grid Validate, ESMF_GridCreateUTest.F90, line         119
  PASS  Testing Grid Match, ESMF_GridCreateUTest.F90, line         168
  PASS  Creating a Grid with only a distgrid and the rest defaults, ESMF_GridCre
 ateUTest.F90, line         204
  PASS  Destroying a Grid, ESMF_GridCreateUTest.F90, line         212
  PASS  Creating a Grid with a non-default name, ESMF_GridCreateUTest.F90, line 
         239
  PASS  Creating a Grid with non-default coordTypeKind, ESMF_GridCreateUTest.F90
 , line         263
  PASS  Creating a Grid with non-default coordDimCount, ESMF_GridCreateUTest.F90
 , line         289
  PASS  Creating a Grid with non-default coordDimMap, ESMF_GridCreateUTest.F90, 
 line         319
  PASS  Creating a Grid with non-default distgridToGridMap, ESMF_GridCreateUTest
 .F90, line         344
  PASS  Creating a Grid with non-default indexflag, ESMF_GridCreateUTest.F90, li
 ne         370
  PASS  Creating a Grid with non-default EdgeWidths and Aligns, ESMF_GridCreateU
 Test.F90, line         399
  PASS  Creating a 2D distributed Grid with CreateShapeTileIrreg, ESMF_GridCreat
 eUTest.F90, line         431
  PASS  Creating a 3D distributed Grid with CreateShapeTileIrreg, ESMF_GridCreat
 eUTest.F90, line         462
  PASS  Creating a 1 DE 3D  Grid with CreateShapeTileIrreg, ESMF_GridCreateUTest
 .F90, line         493
  PASS  Test GetGridStatus, ESMF_GridCreateUTest.F90, line         529
  PASS  Creating a 1 DE 3D  Grid with SetCommitShapeTileIrreg, ESMF_GridCreateUT
 est.F90, line         564
  PASS  Creating a 2D distributed Grid with 1 non-distributed dim. with CreateSh
 apeTileIrreg, ESMF_GridCreateUTest.F90, line         596
  PASS  Creating a Grid with non-default coordDeps, ESMF_GridCreateUTest.F90, li
 ne         636
  PASS  Creating a 2D distributed Grid with 1 undistributed dim. with CreateShap
 eTileIrreg and no-default gridEdgeWidths, ESMF_GridCreateUTest.F90, line       
   673
  PASS  Creating a Grid with default coordDeps, ESMF_GridCreateUTest.F90, line  
        711
  PASS  Creating/Destroying an Empty Grid, ESMF_GridCreateUTest.F90, line       
   728
  PASS  Creating a 2D  Grid with all defaults with CreateShapeTileReg, ESMF_Grid
 CreateUTest.F90, line         757
  PASS  Creating a 2D  Grid with non-default 1D regDecomp with CreateShapeTileRe
 g, ESMF_GridCreateUTest.F90, line         786
  PASS  Creating a 2D  Grid with non-default 2D regDecomp with CreateShapeTileRe
 g, ESMF_GridCreateUTest.F90, line         813
  PASS  Creating a 2D  1 DE Grid with CreateShapeTileReg, ESMF_GridCreateUTest.F
 90, line         840
  PASS  Creating a Grid with CreateShapeTileReg and non-default gridEdgeWidths, 
 ESMF_GridCreateUTest.F90, line         878
  PASS  Creating a 3D  Grid with non-default minIndex and non-default regDecomp 
 with CreateShapeTileReg, ESMF_GridCreateUTest.F90, line         906
  PASS  Creating a 2D  Grid with all defaults with SetCommitShapeTileReg, ESMF_G
 ridCreateUTest.F90, line         940
  PASS  Test getting minIndex and maxIndex for 2D Grid, ESMF_GridCreateUTest.F90
 , line        1009
  PASS  Test getting minIndex and maxIndex for 3D Grid, ESMF_GridCreateUTest.F90
 , line        1075
  PASS  Test ArrayCreateFromGrid with only distributed bounds, ESMF_GridCreateUT
 est.F90, line        1123
  PASS  Test ArrayCreateFromGrid with non-default ungriddedBounds, ESMF_GridCrea
 teUTest.F90, line        1174
  PASS  Test ArrayCreateFromGrid with replicated dims, ESMF_GridCreateUTest.F90,
  line        1227
  PASS  Test GridGetArrayInfo with replicated dims, ESMF_GridCreateUTest.F90, li
 ne        1297
  PASS  Test GridGetArrayInfo with replicated dims and non-default distgridToGri
 dMap, ESMF_GridCreateUTest.F90, line        1362
  PASS  Test Serialize and Deserialize, ESMF_GridCreateUTest.F90, line        14
 41
  PASS  Getting Attribute count from a Grid with no Attributes, ESMF_GridCreateU
 Test.F90, line        1462
  PASS  Adding Attribute to a Grid, ESMF_GridCreateUTest.F90, line        1471
  PASS  Getting Attribute count from a Grid with Attribute, ESMF_GridCreateUTest
 .F90, line        1489
  PASS  Getting Attribute info from a Grid, ESMF_GridCreateUTest.F90, line      
   1506
  PASS  Getting an Integer Attribute back from a Grid, ESMF_GridCreateUTest.F90,
  line        1524
  PASS  Getting a second Integer Attribute back from a Grid, ESMF_GridCreateUTes
 t.F90, line        1547
  PASS  Getting a non-existant Integer Attribute from a Grid, ESMF_GridCreateUTe
 st.F90, line        1562
  PASS  Getting an Integer List Attribute back from a Grid, ESMF_GridCreateUTest
 .F90, line        1587
  PASS  Getting a Real Attribute back from a Grid, ESMF_GridCreateUTest.F90, lin
 e        1610
  PASS  Getting a Real List Attribute back from a Grid, ESMF_GridCreateUTest.F90
 , line        1634
  PASS  Getting a Logical Attribute back from a Grid, ESMF_GridCreateUTest.F90, 
 line        1657
  PASS  Getting a Logical List Attribute back from a Grid, ESMF_GridCreateUTest.
 F90, line        1681
  PASS  Getting a Character Attribute back from a Grid, ESMF_GridCreateUTest.F90
 , line        1704
  Number of failed tests:           0
  Ending Test, file ESMF_GridCreateUTest.F90, line        1712
