  Beginning Test, file ESMF_DistGridCreateGetUTest.F90, line          79
  NUMBER_OF_PROCESSORS           1
  PASS  DistGridCreate() - 1D Single Patch Default, ESMF_DistGridCreateGetUTest.
 F90, line          94
  PASS  DistGridGet() - dimCount, patchCount, regDecompFlag, DELayout, ESMF_Dist
 GridCreateGetUTest.F90, line         102
  PASS  Verify dimCount, ESMF_DistGridCreateGetUTest.F90, line         109
  PASS  Verify patchCount, ESMF_DistGridCreateGetUTest.F90, line         116
  PASS  Verify regDecompFlag, ESMF_DistGridCreateGetUTest.F90, line         123
  PASS  DELayoutGet() - deCount, localDeCount, ESMF_DistGridCreateGetUTest.F90, 
 line         131
  PASS  Verify deCount, ESMF_DistGridCreateGetUTest.F90, line         138
  PASS  Verify localDeCount, ESMF_DistGridCreateGetUTest.F90, line         145
  PASS  DistGridGet() - minIndexPDimPPatch(:,:), ESMF_DistGridCreateGetUTest.F90
 , line         153
  PASS  Verify minIndexPDimPPatch(:,:), ESMF_DistGridCreateGetUTest.F90, line   
       160
  PASS  DistGridGet() - maxIndexPDimPPatch(:,:), ESMF_DistGridCreateGetUTest.F90
 , line         169
  PASS  Verify maxIndexPDimPPatch(:,:), ESMF_DistGridCreateGetUTest.F90, line   
       176
  PASS  DistGridGet() - elementCountPPatch(:), ESMF_DistGridCreateGetUTest.F90, 
 line         185
  PASS  Verify elementCountPPatch(:), ESMF_DistGridCreateGetUTest.F90, line     
     192
  PASS  DistGridGet() - minIndexPDimPDe(:,:), ESMF_DistGridCreateGetUTest.F90, l
 ine         201
  PASS  Verify minIndexPDimPDe(:,:), ESMF_DistGridCreateGetUTest.F90, line      
    208
  PASS  DistGridGet() - maxIndexPDimPDe(:,:), ESMF_DistGridCreateGetUTest.F90, l
 ine         217
  PASS  Verify maxIndexPDimPDe(:,:), ESMF_DistGridCreateGetUTest.F90, line      
    224
  PASS  DistGridGet() - elementCountPDe(:), ESMF_DistGridCreateGetUTest.F90, lin
 e         233
  PASS  Verify elementCountPDe(:), ESMF_DistGridCreateGetUTest.F90, line        
  246
  PASS  DistGridGet() - patchListPDe(:), ESMF_DistGridCreateGetUTest.F90, line  
        254
  PASS  Verify patchListPDe(:), ESMF_DistGridCreateGetUTest.F90, line         26
 5
  PASS  DistGridGet() - indexCountPDimPDe(:,:), ESMF_DistGridCreateGetUTest.F90,
  line         274
  PASS  Verify indexCountPDimPDe(:,:), ESMF_DistGridCreateGetUTest.F90, line    
      287
  PASS  DELayoutGet() - localDeList, ESMF_DistGridCreateGetUTest.F90, line      
    295
  PASS  Verify localDeList, ESMF_DistGridCreateGetUTest.F90, line         302
  PASS  DistGridGet() - indexList(:), ESMF_DistGridCreateGetUTest.F90, line     
     310
  PASS  DistGridGet() - seqIndexList(:), ESMF_DistGridCreateGetUTest.F90, line  
        320
  PASS  Verify seqIndexList(:), ESMF_DistGridCreateGetUTest.F90, line         33
 2
  PASS  DistGridMatch() - identical DistGrids, ESMF_DistGridCreateGetUTest.F90, 
 line         342
  PASS  DistGridMatch() - identical DistGrids - matchResult, ESMF_DistGridCreate
 GetUTest.F90, line         348
  PASS  DistGridMatch() - invalid DistGrid object, ESMF_DistGridCreateGetUTest.F
 90, line         355
  PASS  DistGridMatch() - identical DistGrids, ESMF_DistGridCreateGetUTest.F90, 
 line         363
  PASS  DistGridMatch() - identical DistGrids - matchResult, ESMF_DistGridCreate
 GetUTest.F90, line         369
  PASS  DistGridCreate() - 1D Single Patch Default, ESMF_DistGridCreateGetUTest.
 F90, line         376
  PASS  DistGridMatch() - different DistGrids that are the same, ESMF_DistGridCr
 eateGetUTest.F90, line         383
  PASS  DistGridMatch() - different DistGrids that are the same - matchResult, E
 SMF_DistGridCreateGetUTest.F90, line         389
  PASS  DistGridDestroy(), ESMF_DistGridCreateGetUTest.F90, line         396
  PASS  DistGridCreate() - 1D Single Patch Default, ESMF_DistGridCreateGetUTest.
 F90, line         403
  PASS  DistGridMatch() - different DistGrids, ESMF_DistGridCreateGetUTest.F90, 
 line         410
  PASS  DistGridMatch() - different DistGrids - matchResult, ESMF_DistGridCreate
 GetUTest.F90, line         416
  PASS  DistGridDestroy(), ESMF_DistGridCreateGetUTest.F90, line         423
  PASS  DistGridDestroy(), ESMF_DistGridCreateGetUTest.F90, line         430
  PASS  DistGridCreate() - 1D Single Patch Default - multiple of 4, ESMF_DistGri
 dCreateGetUTest.F90, line         437
  PASS  DistGridPrint(), ESMF_DistGridCreateGetUTest.F90, line         444
  PASS  DistGridDestroy(), ESMF_DistGridCreateGetUTest.F90, line         451
  PASS  DistGridCreate() - 1D Single Patch Default - no multiple of 4, ESMF_Dist
 GridCreateGetUTest.F90, line         460
  PASS  DistGridPrint(), ESMF_DistGridCreateGetUTest.F90, line         467
  PASS  DistGridDestroy(), ESMF_DistGridCreateGetUTest.F90, line         474
  PASS  DistGridCreate() - 1D Single Patch w/ deBlockList incorrect deCount, ESM
 F_DistGridCreateGetUTest.F90, line         484
  PASS  DistGridCreate() - 1D Single Patch w/ deBlockList out-of-range, ESMF_Dis
 tGridCreateGetUTest.F90, line         498
  PASS  DistGridCreate() - 1D Single Patch w/ deBlockList, ESMF_DistGridCreateGe
 tUTest.F90, line         512
  PASS  DistGridPrint(), ESMF_DistGridCreateGetUTest.F90, line         520
  PASS  DistGridDestroy(), ESMF_DistGridCreateGetUTest.F90, line         527
  Number of failed tests:           0
  Ending Test, file ESMF_DistGridCreateGetUTest.F90, line         531
--- ESMCI::DistGrid::print start ---
dimCount = 1
patchCount = 1
elementCountPPatch: 100 
regDecompFlag = True
patchListPDe: 1 
elementCountPDe: 100 
contigFlagPDimPDe (dims separated by / ):
 for DE 0: 1 / 
(min,max)IndexPDimPDe (dims separated by / ):
 for DE 0: (1, 100) / 
indexListPDimPLocalDe (dims separated by / ):
 for localDE 0 - DE 0:  (1, 2, 3, 4, 5, 6, 7, 8, 9, 10, 11, 12, 13, 14, 15, 16, 17, 18, 19, 20, 21, 22, 23, 24, 25, 26, 27, 28, 29, 30, 31, 32, 33, 34, 35, 36, 37, 38, 39, 40, 41, 42, 43, 44, 45, 46, 47, 48, 49, 50, 51, 52, 53, 54, 55, 56, 57, 58, 59, 60, 61, 62, 63, 64, 65, 66, 67, 68, 69, 70, 71, 72, 73, 74, 75, 76, 77, 78, 79, 80, 81, 82, 83, 84, 85, 86, 87, 88, 89, 90, 91, 92, 93, 94, 95, 96, 97, 98, 99, 100) /
arbSeqIndexListPLocalDe:
 for localDE 0 - DE 0:  default
connectionCount = 0
~ lower class' values ~
deCount = 1
localPet = 0
petCount = 1
--- ESMCI::DistGrid::print end ---
--- ESMCI::DistGrid::print start ---
dimCount = 1
patchCount = 1
elementCountPPatch: 90 
regDecompFlag = True
patchListPDe: 1 
elementCountPDe: 90 
contigFlagPDimPDe (dims separated by / ):
 for DE 0: 1 / 
(min,max)IndexPDimPDe (dims separated by / ):
 for DE 0: (1, 90) / 
indexListPDimPLocalDe (dims separated by / ):
 for localDE 0 - DE 0:  (1, 2, 3, 4, 5, 6, 7, 8, 9, 10, 11, 12, 13, 14, 15, 16, 17, 18, 19, 20, 21, 22, 23, 24, 25, 26, 27, 28, 29, 30, 31, 32, 33, 34, 35, 36, 37, 38, 39, 40, 41, 42, 43, 44, 45, 46, 47, 48, 49, 50, 51, 52, 53, 54, 55, 56, 57, 58, 59, 60, 61, 62, 63, 64, 65, 66, 67, 68, 69, 70, 71, 72, 73, 74, 75, 76, 77, 78, 79, 80, 81, 82, 83, 84, 85, 86, 87, 88, 89, 90) /
arbSeqIndexListPLocalDe:
 for localDE 0 - DE 0:  default
connectionCount = 0
~ lower class' values ~
deCount = 1
localPet = 0
petCount = 1
--- ESMCI::DistGrid::print end ---
--- ESMCI::DistGrid::print start ---
dimCount = 1
patchCount = 1
elementCountPPatch: 100 
regDecompFlag = False
patchListPDe: 1 1 1 1 
elementCountPDe: 20 20 20 40 
contigFlagPDimPDe (dims separated by / ):
 for DE 0: 1 / 
 for DE 1: 1 / 
 for DE 2: 1 / 
 for DE 3: 1 / 
(min,max)IndexPDimPDe (dims separated by / ):
 for DE 0: (1, 20) / 
 for DE 1: (21, 40) / 
 for DE 2: (41, 60) / 
 for DE 3: (61, 100) / 
indexListPDimPLocalDe (dims separated by / ):
 for localDE 0 - DE 0:  (1, 2, 3, 4, 5, 6, 7, 8, 9, 10, 11, 12, 13, 14, 15, 16, 17, 18, 19, 20) /
 for localDE 1 - DE 1:  (21, 22, 23, 24, 25, 26, 27, 28, 29, 30, 31, 32, 33, 34, 35, 36, 37, 38, 39, 40) /
 for localDE 2 - DE 2:  (41, 42, 43, 44, 45, 46, 47, 48, 49, 50, 51, 52, 53, 54, 55, 56, 57, 58, 59, 60) /
 for localDE 3 - DE 3:  (61, 62, 63, 64, 65, 66, 67, 68, 69, 70, 71, 72, 73, 74, 75, 76, 77, 78, 79, 80, 81, 82, 83, 84, 85, 86, 87, 88, 89, 90, 91, 92, 93, 94, 95, 96, 97, 98, 99, 100) /
arbSeqIndexListPLocalDe:
 for localDE 0 - DE 0:  default
 for localDE 1 - DE 1:  default
 for localDE 2 - DE 2:  default
 for localDE 3 - DE 3:  default
connectionCount = 0
~ lower class' values ~
deCount = 4
localPet = 0
petCount = 1
--- ESMCI::DistGrid::print end ---
