  Beginning Test, file ESMF_UtilUTest.F90, line          68
  NUMBER_OF_PROCESSORS           1
  Number of failed tests:           0
  Ending Test, file ESMF_UtilUTest.F90, line          80
