  Beginning Test, file ESMF_FieldStressUTest.F90, line          51
  NUMBER_OF_PROCESSORS           1
  Number of failed tests:           0
  Ending Test, file ESMF_FieldStressUTest.F90, line          87
